> ok

> 1.00 2.00
3.00 4.00

> ok

> 1.00 2.00
3.00 4.00

> ok

> 7.00 10.00
15.00 22.00

> ok

> 37.00 54.00
81.00 118.00

> 
bye
