> ok

> ok

> 13.00 9.00 5.00 1.00
14.00 10.00 6.00 2.00
15.00 11.00 7.00 3.00
16.00 12.00 8.00 4.00

> 
bye
